============================= test session starts ==============================
platform linux -- Python 3.13.11, pytest-9.0.2, pluggy-1.6.0
rootdir: /home/kali/Desktop/py2rust
configfile: pyproject.toml
plugins: typeguard-4.4.4, anyio-4.11.0
collected 3 items

py2rust/tests/test_deep_dict.py .// Generated by py2rust
#[derive(Debug, Clone)]
pub enum PyError {
    Exception(String),
    ValueError(String),
    TypeError(String),
    KeyError(String),
    IndexError(String),
    IOError(String),
}

impl std::fmt::Display for PyError {
    fn fmt(&self, f: &mut std::fmt::Formatter<'_>) -> std::fmt::Result {
        match self {
            PyError::Exception(s) => write!(f, "Exception: {}", s),
            PyError::ValueError(s) => write!(f, "ValueError: {}", s),
            PyError::TypeError(s) => write!(f, "TypeError: {}", s),
            PyError::KeyError(s) => write!(f, "KeyError: {}", s),
            PyError::IndexError(s) => write!(f, "IndexError: {}", s),
            PyError::IOError(s) => write!(f, "IOError: {}", s),
        }
    }
}

impl From<std::io::Error> for PyError {
    fn from(err: std::io::Error) -> Self {
        PyError::IOError(err.to_string())
    }
}

fn update_matrix() -> Result<i32, PyError> {
    let m: Vec<Vec<i32>> = vec![vec![1, 2], vec![3, 4]];
    &mut m[0 as usize][1 as usize] = 5;
    return Ok(({ let __coll = &(({ let __coll = &(m); let __idx_raw = 0; let actual_idx = if __idx_raw < 0 { (__idx_raw + (__coll.len() as i32) as i32) as usize } else { __idx_raw as usize }; (__coll[actual_idx]).clone() })); let __idx_raw = 1; let actual_idx = if __idx_raw < 0 { (__idx_raw + (__coll.len() as i32) as i32) as usize } else { __idx_raw as usize }; __coll[actual_idx] }));
}

F.

=================================== FAILURES ===================================
____________________________ test_deep_list_update _____________________________

    def test_deep_list_update():
        source = """
    def update_matrix() -> int:
        m: list[list[int]] = [[1, 2], [3, 4]]
        m[0][1] = 5
        return m[0][1]
    """
        parser = Parser(source)
        module = parser.parse()
    
        builder = IRBuilder()
        ir_mod = builder.build(module)
    
        codegen = RustCodegen()
        rust_code = codegen.generate(ir_mod)
    
        # Verify recursively generated mutable indexing
        print(rust_code)
>       assert "(&mut m[0 as usize])[1 as usize] = 5;" in rust_code
E       AssertionError: assert '(&mut m[0 as usize])[1 as usize] = 5;' in '// Generated by py2rust\n#[derive(Debug, Clone)]\npub enum PyError {\n    Exception(String),\n    ValueError(String),... < 0 { (__idx_raw + (__coll.len() as i32) as i32) as usize } else { __idx_raw as usize }; __coll[actual_idx] }));\n}\n'

py2rust/tests/test_deep_dict.py:43: AssertionError
=========================== short test summary info ============================
FAILED py2rust/tests/test_deep_dict.py::test_deep_list_update - AssertionErro...
========================= 1 failed, 2 passed in 0.12s ==========================
